220.181.108.97 - - [09/Aug/2015:17:00:03 -0700] "GET /photo-album/ HTTP/1.1" 200 6882 "-" "Mozilla/5.0 (compatible; Baiduspider/2.0; +http://www.baidu.com/search/spider.html)" "www.wbsdfm.com"
167.88.42.56 - - [09/Aug/2015:17:05:39 -0700] "GET /logs/access.log HTTP/1.1" 200 193 "-" "Python-urllib/1.17" "www.wbsdfm.com"
45.72.127.156 - - [09/Aug/2015:17:08:51 -0700] "GET /logs/access.log HTTP/1.1" 200 236 "http://www.wbsdfm.com/" "Mozilla/5.0 (Windows NT 6.1; Win64; x64) AppleWebKit/537.36 (KHTML, like Gecko) Chrome/39.0.2171.95 Safari/537.36" "www.wbsdfm.com"
188.165.15.108 - - [09/Aug/2015:17:13:41 -0700] "GET /photo-album/img_0677.html HTTP/1.1" 200 2482 "-" "Mozilla/5.0 (compatible; AhrefsBot/5.0; +http://ahrefs.com/robot/)" "www.wbsdfm.com"
66.220.158.118 - - [09/Aug/2015:17:35:14 -0700] "GET /_Media/wbsdee-2_med_hr.jpeg HTTP/1.1" 200 55580 "-" "facebookexternalhit/1.1 (+http://www.facebook.com/externalhit_uatext.php)" "www.wbsdfm.com"
207.90.2.5 - - [09/Aug/2015:17:35:42 -0700] "GET / HTTP/1.1" 200 11069 "-" "=Mozilla/5.0 (Windows; U; Windows NT 6.1; en-US) AppleWebKit/534.16 (KHTML, like Gecko) Chrome/10.0.648.204 Safari/534.16" "wbsdfm.com"
31.184.238.128 - - [09/Aug/2015:17:37:43 -0700] "GET /logs/access.log HTTP/1.1" 200 1166 "http://www.theknot.com/wedding/trandate-and-fast" "Mozilla/5.0 (Windows NT 6.1; rv:26.0) Gecko/20100101 Firefox/26.0" "www.wbsdfm.com"
188.165.15.108 - - [09/Aug/2015:17:38:10 -0700] "GET /wbsdblog/untitled.html HTTP/1.1" 200 2402 "-" "Mozilla/5.0 (compatible; AhrefsBot/5.0; +http://ahrefs.com/robot/)" "www.wbsdfm.com"
141.8.143.156 - - [09/Aug/2015:17:38:37 -0700] "GET /robots.txt HTTP/1.1" 404 73 "-" "Mozilla/5.0 (compatible; YandexBot/3.0; +http://yandex.com/bots)" "www.wbsdfm.com"
185.15.42.51 - - [09/Aug/2015:17:42:54 -0700] "GET /logs/access.log HTTP/1.1" 200 679 "http://www.wbsdfm.com/" "Mozilla/5.0 (Windows NT 6.1; Win64; x64) AppleWebKit/537.36 (KHTML, like Gecko) Chrome/39.0.2171.95 Safari/537.36" "www.wbsdfm.com"
180.76.15.152 - - [09/Aug/2015:17:50:05 -0700] "GET /photo-album/img_0782.html HTTP/1.1" 200 3118 "-" "Mozilla/5.0 (compatible; Baiduspider/2.0; +http://www.baidu.com/search/spider.html)" "www.wbsdfm.com"
24.211.9.152 - - [09/Aug/2015:17:52:18 -0700] "GET /listen-online.html HTTP/1.1" 200 2414 "http://m.facebook.com/" "Mozilla/5.0 (Linux; Android 5.0; SM-G900R4 Build/LRX21T; wv) AppleWebKit/537.36 (KHTML, like Gecko) Version/4.0 Chrome/44.0.2403.90 Mobile Safari/537.36 [FB_IAB/FB4A;FBAV/40.0.0.24.199;]" "www.wbsdfm.com"
24.211.9.152 - - [09/Aug/2015:17:52:19 -0700] "GET /sandvox_BlackandWhite/main.css HTTP/1.1" 200 3331 "http://www.wbsdfm.com/listen-online.html" "Mozilla/5.0 (Linux; Android 5.0; SM-G900R4 Build/LRX21T; wv) AppleWebKit/537.36 (KHTML, like Gecko) Version/4.0 Chrome/44.0.2403.90 Mobile Safari/537.36 [FB_IAB/FB4A;FBAV/40.0.0.24.199;]" "www.wbsdfm.com"
24.211.9.152 - - [09/Aug/2015:17:52:19 -0700] "GET /_Media/wbsdlogo.jpeg HTTP/1.1" 200 15554 "http://www.wbsdfm.com/listen-online.html" "Mozilla/5.0 (Linux; Android 5.0; SM-G900R4 Build/LRX21T; wv) AppleWebKit/537.36 (KHTML, like Gecko) Version/4.0 Chrome/44.0.2403.90 Mobile Safari/537.36 [FB_IAB/FB4A;FBAV/40.0.0.24.199;]" "www.wbsdfm.com"
24.211.9.152 - - [09/Aug/2015:17:52:19 -0700] "GET /_Media/40thcolor2_med_hr.jpeg HTTP/1.1" 200 75326 "http://www.wbsdfm.com/listen-online.html" "Mozilla/5.0 (Linux; Android 5.0; SM-G900R4 Build/LRX21T; wv) AppleWebKit/537.36 (KHTML, like Gecko) Version/4.0 Chrome/44.0.2403.90 Mobile Safari/537.36 [FB_IAB/FB4A;FBAV/40.0.0.24.199;]" "www.wbsdfm.com"
24.211.9.152 - - [09/Aug/2015:17:52:19 -0700] "GET /_Media/tunein_264.jpeg HTTP/1.1" 200 9919 "http://www.wbsdfm.com/listen-online.html" "Mozilla/5.0 (Linux; Android 5.0; SM-G900R4 Build/LRX21T; wv) AppleWebKit/537.36 (KHTML, like Gecko) Version/4.0 Chrome/44.0.2403.90 Mobile Safari/537.36 [FB_IAB/FB4A;FBAV/40.0.0.24.199;]" "www.wbsdfm.com"
24.211.9.152 - - [09/Aug/2015:17:52:19 -0700] "GET /sandvox_BlackandWhite/banner.png HTTP/1.1" 200 223114 "http://www.wbsdfm.com/sandvox_BlackandWhite/main.css" "Mozilla/5.0 (Linux; Android 5.0; SM-G900R4 Build/LRX21T; wv) AppleWebKit/537.36 (KHTML, like Gecko) Version/4.0 Chrome/44.0.2403.90 Mobile Safari/537.36 [FB_IAB/FB4A;FBAV/40.0.0.24.199;]" "www.wbsdfm.com"
24.211.9.152 - - [09/Aug/2015:17:52:38 -0700] "GET /programming-schedule.html HTTP/1.1" 200 3022 "http://www.wbsdfm.com/listen-online.html" "Mozilla/5.0 (Linux; Android 5.0; SM-G900R4 Build/LRX21T; wv) AppleWebKit/537.36 (KHTML, like Gecko) Version/4.0 Chrome/44.0.2403.90 Mobile Safari/537.36 [FB_IAB/FB4A;FBAV/40.0.0.24.199;]" "www.wbsdfm.com"
24.211.9.152 - - [09/Aug/2015:17:52:56 -0700] "GET /wbsdblog/ HTTP/1.1" 200 5742 "http://www.wbsdfm.com/listen-online.html" "Mozilla/5.0 (Linux; Android 5.0; SM-G900R4 Build/LRX21T; wv) AppleWebKit/537.36 (KHTML, like Gecko) Version/4.0 Chrome/44.0.2403.90 Mobile Safari/537.36 [FB_IAB/FB4A;FBAV/40.0.0.24.199;]" "www.wbsdfm.com"
24.211.9.152 - - [09/Aug/2015:17:52:56 -0700] "GET /_Media/11295702_10153070246228462__med_hr.jpeg HTTP/1.1" 200 149367 "http://www.wbsdfm.com/wbsdblog/" "Mozilla/5.0 (Linux; Android 5.0; SM-G900R4 Build/LRX21T; wv) AppleWebKit/537.36 (KHTML, like Gecko) Version/4.0 Chrome/44.0.2403.90 Mobile Safari/537.36 [FB_IAB/FB4A;FBAV/40.0.0.24.199;]" "www.wbsdfm.com"
24.211.9.152 - - [09/Aug/2015:17:52:56 -0700] "GET /_Media/th-2_med_hr.jpeg HTTP/1.1" 200 24806 "http://www.wbsdfm.com/wbsdblog/" "Mozilla/5.0 (Linux; Android 5.0; SM-G900R4 Build/LRX21T; wv) AppleWebKit/537.36 (KHTML, like Gecko) Version/4.0 Chrome/44.0.2403.90 Mobile Safari/537.36 [FB_IAB/FB4A;FBAV/40.0.0.24.199;]" "www.wbsdfm.com"
24.211.9.152 - - [09/Aug/2015:17:52:56 -0700] "GET /_Media/unknown-3_med_hr.jpeg HTTP/1.1" 200 18031 "http://www.wbsdfm.com/wbsdblog/" "Mozilla/5.0 (Linux; Android 5.0; SM-G900R4 Build/LRX21T; wv) AppleWebKit/537.36 (KHTML, like Gecko) Version/4.0 Chrome/44.0.2403.90 Mobile Safari/537.36 [FB_IAB/FB4A;FBAV/40.0.0.24.199;]" "www.wbsdfm.com"
24.211.9.152 - - [09/Aug/2015:17:52:56 -0700] "GET /_Media/pat-mccurdy-now_med_hr.jpeg HTTP/1.1" 200 105658 "http://www.wbsdfm.com/wbsdblog/" "Mozilla/5.0 (Linux; Android 5.0; SM-G900R4 Build/LRX21T; wv) AppleWebKit/537.36 (KHTML, like Gecko) Version/4.0 Chrome/44.0.2403.90 Mobile Safari/537.36 [FB_IAB/FB4A;FBAV/40.0.0.24.199;]" "www.wbsdfm.com"
24.211.9.152 - - [09/Aug/2015:17:52:56 -0700] "GET /_Media/40thcolor2_med_hr-2.jpeg HTTP/1.1" 200 262283 "http://www.wbsdfm.com/wbsdblog/" "Mozilla/5.0 (Linux; Android 5.0; SM-G900R4 Build/LRX21T; wv) AppleWebKit/537.36 (KHTML, like Gecko) Version/4.0 Chrome/44.0.2403.90 Mobile Safari/537.36 [FB_IAB/FB4A;FBAV/40.0.0.24.199;]" "www.wbsdfm.com"
24.211.9.152 - - [09/Aug/2015:17:52:56 -0700] "GET /_Media/dyl3_med_hr.jpeg HTTP/1.1" 200 91084 "http://www.wbsdfm.com/wbsdblog/" "Mozilla/5.0 (Linux; Android 5.0; SM-G900R4 Build/LRX21T; wv) AppleWebKit/537.36 (KHTML, like Gecko) Version/4.0 Chrome/44.0.2403.90 Mobile Safari/537.36 [FB_IAB/FB4A;FBAV/40.0.0.24.199;]" "www.wbsdfm.com"
24.211.9.152 - - [09/Aug/2015:17:52:56 -0700] "GET /_Media/danelise_med_hr.jpeg HTTP/1.1" 200 67922 "http://www.wbsdfm.com/wbsdblog/" "Mozilla/5.0 (Linux; Android 5.0; SM-G900R4 Build/LRX21T; wv) AppleWebKit/537.36 (KHTML, like Gecko) Version/4.0 Chrome/44.0.2403.90 Mobile Safari/537.36 [FB_IAB/FB4A;FBAV/40.0.0.24.199;]" "www.wbsdfm.com"
24.211.9.152 - - [09/Aug/2015:17:52:56 -0700] "GET /_Media/connorsawyer_med_hr.jpeg HTTP/1.1" 200 110550 "http://www.wbsdfm.com/wbsdblog/" "Mozilla/5.0 (Linux; Android 5.0; SM-G900R4 Build/LRX21T; wv) AppleWebKit/537.36 (KHTML, like Gecko) Version/4.0 Chrome/44.0.2403.90 Mobile Safari/537.36 [FB_IAB/FB4A;FBAV/40.0.0.24.199;]" "www.wbsdfm.com"
24.211.9.152 - - [09/Aug/2015:17:52:56 -0700] "GET /_Media/photo-2-2_med_hr.jpeg HTTP/1.1" 200 157018 "http://www.wbsdfm.com/wbsdblog/" "Mozilla/5.0 (Linux; Android 5.0; SM-G900R4 Build/LRX21T; wv) AppleWebKit/537.36 (KHTML, like Gecko) Version/4.0 Chrome/44.0.2403.90 Mobile Safari/537.36 [FB_IAB/FB4A;FBAV/40.0.0.24.199;]" "www.wbsdfm.com"
24.211.9.152 - - [09/Aug/2015:17:52:56 -0700] "GET /_Media/cflinelogo_med_hr.png HTTP/1.1" 200 371962 "http://www.wbsdfm.com/wbsdblog/" "Mozilla/5.0 (Linux; Android 5.0; SM-G900R4 Build/LRX21T; wv) AppleWebKit/537.36 (KHTML, like Gecko) Version/4.0 Chrome/44.0.2403.90 Mobile Safari/537.36 [FB_IAB/FB4A;FBAV/40.0.0.24.199;]" "www.wbsdfm.com"
188.165.15.108 - - [09/Aug/2015:17:53:13 -0700] "GET /photo-album/img_2321.html HTTP/1.1" 200 2484 "-" "Mozilla/5.0 (compatible; AhrefsBot/5.0; +http://ahrefs.com/robot/)" "www.wbsdfm.com"
31.184.238.128 - - [09/Aug/2015:17:53:35 -0700] "GET /logs/access.log HTTP/1.1" 200 8570 "http://www.theknot.com/wedding/order-fluvoxamine" "Mozilla/5.0 (Windows NT 6.1) AppleWebKit/537.36 (KHTML, like Gecko) Chrome/32.0.1700.107 Safari/537.36" "www.wbsdfm.com"
24.211.9.152 - - [09/Aug/2015:17:54:29 -0700] "GET /playlist/ HTTP/1.1" 200 2164 "http://www.wbsdfm.com/" "Mozilla/5.0 (Linux; Android 5.0; SM-G900R4 Build/LRX21T; wv) AppleWebKit/537.36 (KHTML, like Gecko) Version/4.0 Chrome/44.0.2403.90 Mobile Safari/537.36 [FB_IAB/FB4A;FBAV/40.0.0.24.199;]" "www.wbsdfm.com"
167.88.42.56 - - [09/Aug/2015:18:06:06 -0700] "GET /logs/access.log HTTP/1.1" 200 9144 "-" "Python-urllib/1.17" "www.wbsdfm.com"
31.184.238.128 - - [09/Aug/2015:18:09:37 -0700] "GET /logs/access.log HTTP/1.1" 200 9273 "http://alendronate-35mg-order.tumblr.com" "Mozilla/5.0 (Windows NT 6.2; WOW64; rv:27.0) Gecko/20100101 Firefox/27.0" "www.wbsdfm.com"
188.165.15.108 - - [09/Aug/2015:18:13:43 -0700] "GET /wbsdblog/album-hour.html HTTP/1.1" 200 2946 "-" "Mozilla/5.0 (compatible; AhrefsBot/5.0; +http://ahrefs.com/robot/)" "www.wbsdfm.com"
180.76.15.140 - - [09/Aug/2015:18:20:05 -0700] "GET /photo-album/img_2349.html HTTP/1.1" 200 2490 "-" "Mozilla/5.0 (compatible; Baiduspider/2.0; +http://www.baidu.com/search/spider.html)" "www.wbsdfm.com"
111.161.126.84 - - [09/Aug/2015:18:21:46 -0700] "GET /logs/access.log HTTP/1.1" 200 1421 "http://www.wbsdfm.com/" "Mozilla/5.0 (Windows NT 6.1; Win64; x64) AppleWebKit/537.36 (KHTML, like Gecko) Chrome/39.0.2171.95 Safari/537.36" "www.wbsdfm.com"
31.184.238.128 - - [09/Aug/2015:18:25:32 -0700] "GET /logs/access.log HTTP/1.1" 200 10137 "http://gravatar.com/leasarafniceny" "Mozilla/5.0 (Windows NT 6.3; WOW64) AppleWebKit/537.36 (KHTML, like Gecko) Chrome/32.0.1700.107 Safari/537.36" "www.wbsdfm.com"
178.137.87.228 - - [09/Aug/2015:18:28:51 -0700] "GET / HTTP/1.1" 200 10672 "http://cubook.supernew.org/" "Mozilla/0.91 Beta (Windows)" "www.wbsdfm.com"
178.137.87.228 - - [09/Aug/2015:18:28:53 -0700] "GET / HTTP/1.1" 200 11069 "http://cubook.supernew.org/" "Mozilla/0.91 Beta (Windows)" "www.wbsdfm.com"
188.165.15.108 - - [09/Aug/2015:18:36:57 -0700] "GET /photo-album/img_0715.html HTTP/1.1" 200 2482 "-" "Mozilla/5.0 (compatible; AhrefsBot/5.0; +http://ahrefs.com/robot/)" "www.wbsdfm.com"
31.184.238.128 - - [09/Aug/2015:18:41:10 -0700] "GET /logs/access.log HTTP/1.1" 200 10886 "http://gravatar.com/orderantabuseunitedstates" "Mozilla/5.0 (Windows NT 6.1) AppleWebKit/537.36 (KHTML, like Gecko) Chrome/33.0.1750.117 Safari/537.36" "www.wbsdfm.com"
82.37.199.233 - - [09/Aug/2015:18:49:43 -0700] "GET /robots.txt HTTP/1.1" 404 73 "-" "Mozilla/5.0 (compatible; MJ12bot/v1.4.5; http://www.majestic12.co.uk/bot.php?+)" "www.wbsdfm.com"
188.165.15.108 - - [09/Aug/2015:18:57:39 -0700] "GET /wbsdblog/jeff-karoub.html HTTP/1.1" 200 2387 "-" "Mozilla/5.0 (compatible; AhrefsBot/5.0; +http://ahrefs.com/robot/)" "www.wbsdfm.com"
172.245.226.168 - - [09/Aug/2015:18:57:49 -0700] "GET /logs/access.log HTTP/1.1" 200 1682 "http://www.wbsdfm.com/" "Mozilla/5.0 (Windows NT 6.1; Win64; x64) AppleWebKit/537.36 (KHTML, like Gecko) Chrome/39.0.2171.95 Safari/537.36" "www.wbsdfm.com"
141.8.143.156 - - [09/Aug/2015:19:00:25 -0700] "GET /robots.txt HTTP/1.1" 404 89 "-" "Mozilla/5.0 (compatible; YandexBot/3.0; +http://yandex.com/bots)" "www.wbsdfm.com"
188.165.15.108 - - [09/Aug/2015:19:05:22 -0700] "GET /photo-album/img_1965.html HTTP/1.1" 200 2486 "-" "Mozilla/5.0 (compatible; AhrefsBot/5.0; +http://ahrefs.com/robot/)" "www.wbsdfm.com"
45.57.140.4 - - [09/Aug/2015:19:05:38 -0700] "GET /logs/access.log HTTP/1.1" 200 12125 "http://www.wbsdfm.com/" "Mozilla/5.0 (Windows NT 6.1; Win64; x64) AppleWebKit/537.36 (KHTML, like Gecko) Chrome/39.0.2171.95 Safari/537.36" "www.wbsdfm.com"
167.88.42.56 - - [09/Aug/2015:19:06:36 -0700] "GET /logs/access.log HTTP/1.1" 200 12370 "-" "Python-urllib/1.17" "www.wbsdfm.com"
173.252.112.118 - - [09/Aug/2015:19:07:39 -0700] "GET /_Media/40thcolor2_med_hr.jpeg HTTP/1.1" 200 75326 "-" "facebookexternalhit/1.1 (+http://www.facebook.com/externalhit_uatext.php)" "www.wbsdfm.com"
188.165.15.108 - - [09/Aug/2015:19:14:46 -0700] "GET /photo-album/img_2345.html HTTP/1.1" 200 3115 "-" "Mozilla/5.0 (compatible; AhrefsBot/5.0; +http://ahrefs.com/robot/)" "www.wbsdfm.com"
180.76.15.158 - - [09/Aug/2015:19:15:58 -0700] "GET / HTTP/1.1" 200 3109 "-" "Mozilla/5.0 (compatible; Baiduspider/2.0; +http://www.baidu.com/search/spider.html)" "wbsdfm.com"
188.165.15.108 - - [09/Aug/2015:19:16:41 -0700] "GET /photo-album/img_2227.html HTTP/1.1" 200 2481 "-" "Mozilla/5.0 (compatible; AhrefsBot/5.0; +http://ahrefs.com/robot/)" "www.wbsdfm.com"
151.80.161.166 - - [09/Aug/2015:19:18:00 -0700] "GET /logs/access.log HTTP/1.1" 200 1849 "http://www.wbsdfm.com/" "Mozilla/5.0 (Windows NT 6.1; Win64; x64) AppleWebKit/537.36 (KHTML, like Gecko) Chrome/39.0.2171.95 Safari/537.36" "www.wbsdfm.com"
151.80.161.166 - - [09/Aug/2015:19:18:00 -0700] "GET /listen-online.html HTTP/1.1" 200 2414 "http://www.wbsdfm.com/logs/access.log" "Mozilla/5.0 (Windows NT 6.1; Win64; x64) AppleWebKit/537.36 (KHTML, like Gecko) Chrome/39.0.2171.95 Safari/537.36" "www.wbsdfm.com"
157.55.39.169 - - [09/Aug/2015:19:27:50 -0700] "GET /robots.txt HTTP/1.1" 404 73 "-" "Mozilla/5.0 (compatible; bingbot/2.0; +http://www.bing.com/bingbot.htm)" "www.wbsdfm.com"
31.184.238.128 - - [09/Aug/2015:19:28:19 -0700] "GET /logs/access.log HTTP/1.1" 200 13944 "http://buythorazine50mg247.forumcircle.com" "Mozilla/5.0 (Windows NT 6.1; rv:26.0) Gecko/20100101 Firefox/26.0" "www.wbsdfm.com"
188.165.15.108 - - [09/Aug/2015:19:31:10 -0700] "GET /photo-album/img_1964.html HTTP/1.1" 200 2482 "-" "Mozilla/5.0 (compatible; AhrefsBot/5.0; +http://ahrefs.com/robot/)" "www.wbsdfm.com"
104.250.226.81 - - [09/Aug/2015:19:37:37 -0700] "GET /logs/access.log HTTP/1.1" 200 1972 "http://www.wbsdfm.com/" "Mozilla/5.0 (Windows NT 6.1; Win64; x64) AppleWebKit/537.36 (KHTML, like Gecko) Chrome/40.0.2214.85 Safari/537.36" "www.wbsdfm.com"
31.184.238.128 - - [09/Aug/2015:19:43:52 -0700] "GET /logs/access.log HTTP/1.1" 200 14600 "http://buyrivastigmine6mgonline.aircus.com" "Mozilla/5.0 (Windows NT 6.1; rv:27.0) Gecko/20100101 Firefox/27.0" "www.wbsdfm.com"
207.46.13.52 - - [09/Aug/2015:19:49:25 -0700] "GET /robots.txt HTTP/1.1" 404 73 "-" "Mozilla/5.0 (compatible; bingbot/2.0; +http://www.bing.com/bingbot.htm)" "www.wbsdfm.com"
173.252.73.119 - - [09/Aug/2015:19:55:25 -0700] "GET /_Media/40thcolor2_med_hr.jpeg HTTP/1.1" 200 75326 "-" "facebookexternalhit/1.1 (+http://www.facebook.com/externalhit_uatext.php)" "www.wbsdfm.com"
31.184.238.128 - - [09/Aug/2015:19:59:23 -0700] "GET /logs/access.log HTTP/1.1" 200 15196 "http://buy-divalproex-250mg-online.over-blog.com" "Mozilla/5.0 (Windows NT 6.1; WOW64) AppleWebKit/537.36 (KHTML, like Gecko) Chrome/33.0.1750.117 Safari/537.36 OPR/20.0.1387.64" "www.wbsdfm.com"
24.167.247.150 - - [09/Aug/2015:20:02:25 -0700] "GET / HTTP/1.1" 200 3109 "-" "Mozilla/5.0 (Macintosh; Intel Mac OS X 10_8_5) AppleWebKit/600.7.12 (KHTML, like Gecko) Version/6.2.7 Safari/537.85.16" "www.wbsdfm.com"
24.167.247.150 - - [09/Aug/2015:20:02:25 -0700] "GET /_Media/blocks_image_1_1_med_hr.jpeg HTTP/1.1" 200 51782 "http://www.wbsdfm.com/" "Mozilla/5.0 (Macintosh; Intel Mac OS X 10_8_5) AppleWebKit/600.7.12 (KHTML, like Gecko) Version/6.2.7 Safari/537.85.16" "www.wbsdfm.com"
24.167.247.150 - - [09/Aug/2015:20:02:25 -0700] "GET /sandvox_BlackandWhite/banner.png HTTP/1.1" 200 223114 "http://www.wbsdfm.com/" "Mozilla/5.0 (Macintosh; Intel Mac OS X 10_8_5) AppleWebKit/600.7.12 (KHTML, like Gecko) Version/6.2.7 Safari/537.85.16" "www.wbsdfm.com"
31.184.238.128 - - [09/Aug/2015:20:15:08 -0700] "GET /logs/access.log HTTP/1.1" 200 16243 "http://www.theknot.com/wedding/eulexin-and-quick" "Mozilla/5.0 (Windows NT 6.1; WOW64) AppleWebKit/537.36 (KHTML, like Gecko) Chrome/30.0.1599.12785 YaBrowser/13.12.1599.12785 Safari/537.36" "www.wbsdfm.com"
66.220.158.123 - - [09/Aug/2015:20:24:18 -0700] "GET /_Media/40thcolor2_med_hr.jpeg HTTP/1.1" 200 75326 "-" "facebookexternalhit/1.1 (+http://www.facebook.com/externalhit_uatext.php)" "www.wbsdfm.com"
31.184.238.128 - - [09/Aug/2015:20:30:58 -0700] "GET /logs/access.log HTTP/1.1" 200 16743 "http://ordermetoclopramideaustralia.aircus.com" "Mozilla/5.0 (Windows NT 6.1; WOW64) AppleWebKit/537.36 (KHTML, like Gecko) Chrome/30.0.1599.13014 YaBrowser/13.12.1599.13014 Safari/537.36" "www.wbsdfm.com"
195.154.146.225 - - [09/Aug/2015:20:31:36 -0700] "GET / HTTP/1.1" 200 3109 "-" "Mozilla/4.0 (compatible; MSIE 6.0; Windows NT 5.1)" "www.wbsdfm.com"
182.234.234.82 - - [09/Aug/2015:20:32:24 -0700] "GET /logs/access.log HTTP/1.1" 200 17189 "-" "Mozilla/4.0" "www.wbsdfm.com"
162.210.196.130 - - [09/Aug/2015:20:41:36 -0700] "GET /robots.txt HTTP/1.1" 404 73 "-" "Mozilla/5.0 (compatible; MJ12bot/v1.4.5; http://www.majestic12.co.uk/bot.php?+)" "www.wbsdfm.com"
162.210.196.130 - - [09/Aug/2015:20:41:37 -0700] "GET /WBSD/Listen.html HTTP/1.1" 404 73 "-" "Mozilla/5.0 (compatible; MJ12bot/v1.4.5; http://www.majestic12.co.uk/bot.php?+)" "www.wbsdfm.com"
162.210.196.130 - - [09/Aug/2015:20:41:39 -0700] "GET /WBSD/Playlist.html HTTP/1.1" 200 2939 "-" "Mozilla/5.0 (compatible; MJ12bot/v1.4.5; http://www.majestic12.co.uk/bot.php?+)" "www.wbsdfm.com"
31.184.238.128 - - [09/Aug/2015:20:46:52 -0700] "GET /logs/access.log HTTP/1.1" 200 17888 "http://gravatar.com/domperidone10mgkmd" "Mozilla/5.0 (Windows NT 6.1; rv:26.0) Gecko/20100101 Firefox/26.0" "www.wbsdfm.com"
31.184.238.128 - - [09/Aug/2015:21:02:54 -0700] "GET /logs/access.log HTTP/1.1" 200 18104 "http://gravatar.com/tieprestocanogi" "Opera/9.80 (Windows NT 6.1; Win64; x64) Presto/2.12.388 Version/12.16" "www.wbsdfm.com"
100.43.85.24 - - [09/Aug/2015:21:05:53 -0700] "GET /wbsdblog/blog/ HTTP/1.1" 200 3230 "-" "Mozilla/5.0 (compatible; YandexBot/3.0; +http://yandex.com/bots)" "www.wbsdfm.com"
100.43.85.1 - - [09/Aug/2015:21:05:57 -0700] "GET /wbsdblog/blog/ HTTP/1.1" 200 3230 "-" "Mozilla/5.0 (compatible; YandexBot/3.0; +http://yandex.com/bots)" "www.wbsdfm.com"
141.8.143.137 - - [09/Aug/2015:21:06:16 -0700] "GET /wbsdblog/ HTTP/1.1" 200 4814 "-" "Mozilla/5.0 (compatible; YandexBot/3.0; +http://yandex.com/bots)" "www.wbsdfm.com"
141.8.143.156 - - [09/Aug/2015:21:06:36 -0700] "GET /wbsdblog/index.xml HTTP/1.1" 200 6105 "-" "Mozilla/5.0 (compatible; YandexBot/3.0; +http://yandex.com/bots)" "www.wbsdfm.com"
141.8.143.179 - - [09/Aug/2015:21:06:53 -0700] "GET /wbsdblog/ HTTP/1.1" 200 4814 "-" "Mozilla/5.0 (compatible; YandexBot/3.0; +http://yandex.com/bots)" "www.wbsdfm.com"
167.88.42.56 - - [09/Aug/2015:21:07:40 -0700] "GET /logs/access.log HTTP/1.1" 200 19187 "-" "Python-urllib/1.17" "www.wbsdfm.com"
31.184.238.128 - - [09/Aug/2015:21:18:48 -0700] "GET /logs/access.log HTTP/1.1" 200 19317 "http://gravatar.com/buybimatoprost3mgquickshipping" "Mozilla/5.0 (Windows NT 5.1) AppleWebKit/537.36 (KHTML, like Gecko) Chrome/33.0.1750.117 Safari/537.36" "www.wbsdfm.com"
198.23.219.220 - - [09/Aug/2015:21:18:52 -0700] "GET /logs/access.log HTTP/1.1" 200 3318 "http://www.wbsdfm.com/" "Mozilla/5.0 (Windows NT 6.1; Win64; x64) AppleWebKit/537.36 (KHTML, like Gecko) Chrome/39.0.2171.95 Safari/537.36" "www.wbsdfm.com"
207.46.13.52 - - [09/Aug/2015:21:29:11 -0700] "GET /programming-schedule.html HTTP/1.1" 200 3022 "-" "Mozilla/5.0 (compatible; bingbot/2.0; +http://www.bing.com/bingbot.htm)" "www.wbsdfm.com"
207.46.13.52 - - [09/Aug/2015:21:29:11 -0700] "GET / HTTP/1.1" 200 3921 "-" "Mozilla/5.0 (compatible; bingbot/2.0; +http://www.bing.com/bingbot.htm)" "www.wbsdfm.com"
31.184.238.128 - - [09/Aug/2015:21:34:37 -0700] "GET /logs/access.log HTTP/1.1" 200 20188 "http://gravatar.com/buyprochlorperazine5mgonline" "Mozilla/5.0 (Windows NT 6.0) AppleWebKit/537.36 (KHTML, like Gecko) Chrome/32.0.1700.107 Safari/537.36" "www.wbsdfm.com"
99.175.94.127 - - [09/Aug/2015:21:41:13 -0700] "GET / HTTP/1.1" 200 3921 "-" "Mozilla/5.0 (Macintosh; Intel Mac OS X 10_10_4) AppleWebKit/600.7.12 (KHTML, like Gecko) Version/8.0.7 Safari/600.7.12" "wbsdfm.com"
99.175.94.127 - - [09/Aug/2015:21:41:13 -0700] "GET /sandvox_BlackandWhite/main.css HTTP/1.1" 200 3331 "http://wbsdfm.com/" "Mozilla/5.0 (Macintosh; Intel Mac OS X 10_10_4) AppleWebKit/600.7.12 (KHTML, like Gecko) Version/8.0.7 Safari/600.7.12" "wbsdfm.com"
99.175.94.127 - - [09/Aug/2015:21:41:13 -0700] "GET /_Media/wbsdlogo.jpeg HTTP/1.1" 200 15554 "http://wbsdfm.com/" "Mozilla/5.0 (Macintosh; Intel Mac OS X 10_10_4) AppleWebKit/600.7.12 (KHTML, like Gecko) Version/8.0.7 Safari/600.7.12" "wbsdfm.com"
99.175.94.127 - - [09/Aug/2015:21:41:13 -0700] "GET /_Media/blocks_image_1_1_med_hr.jpeg HTTP/1.1" 200 51782 "http://wbsdfm.com/" "Mozilla/5.0 (Macintosh; Intel Mac OS X 10_10_4) AppleWebKit/600.7.12 (KHTML, like Gecko) Version/8.0.7 Safari/600.7.12" "wbsdfm.com"
99.175.94.127 - - [09/Aug/2015:21:41:13 -0700] "GET /_Media/wbsdee-2_med_hr.jpeg HTTP/1.1" 200 55580 "http://wbsdfm.com/" "Mozilla/5.0 (Macintosh; Intel Mac OS X 10_10_4) AppleWebKit/600.7.12 (KHTML, like Gecko) Version/8.0.7 Safari/600.7.12" "wbsdfm.com"
99.175.94.127 - - [09/Aug/2015:21:41:13 -0700] "GET /_Media/40thcolor2_med_hr.jpeg HTTP/1.1" 200 75326 "http://wbsdfm.com/" "Mozilla/5.0 (Macintosh; Intel Mac OS X 10_10_4) AppleWebKit/600.7.12 (KHTML, like Gecko) Version/8.0.7 Safari/600.7.12" "wbsdfm.com"
99.175.94.127 - - [09/Aug/2015:21:41:13 -0700] "GET /sandvox_BlackandWhite/banner.png HTTP/1.1" 200 223114 "http://wbsdfm.com/" "Mozilla/5.0 (Macintosh; Intel Mac OS X 10_10_4) AppleWebKit/600.7.12 (KHTML, like Gecko) Version/8.0.7 Safari/600.7.12" "wbsdfm.com"
99.175.94.127 - - [09/Aug/2015:21:41:16 -0700] "GET /playlist/ HTTP/1.1" 200 2164 "http://wbsdfm.com/" "Mozilla/5.0 (Macintosh; Intel Mac OS X 10_10_4) AppleWebKit/600.7.12 (KHTML, like Gecko) Version/8.0.7 Safari/600.7.12" "wbsdfm.com"
99.175.94.127 - - [09/Aug/2015:21:41:18 -0700] "GET /playlist/august-10-2015-playlist.pdf HTTP/1.1" 200 128104 "http://wbsdfm.com/playlist/" "Mozilla/5.0 (Macintosh; Intel Mac OS X 10_10_4) AppleWebKit/600.7.12 (KHTML, like Gecko) Version/8.0.7 Safari/600.7.12" "wbsdfm.com"
68.229.49.184 - - [09/Aug/2015:21:45:23 -0700] "GET / HTTP/1.1" 200 3109 "-" "Mozilla/5.0 (Macintosh; Intel Mac OS X 10_10_4) AppleWebKit/600.7.12 (KHTML, like Gecko) Version/8.0.7 Safari/600.7.12" "wbsdfm.com"
68.229.49.184 - - [09/Aug/2015:21:45:23 -0700] "GET /sandvox_BlackandWhite/main.css HTTP/1.1" 200 3331 "http://wbsdfm.com/" "Mozilla/5.0 (Macintosh; Intel Mac OS X 10_10_4) AppleWebKit/600.7.12 (KHTML, like Gecko) Version/8.0.7 Safari/600.7.12" "wbsdfm.com"
68.229.49.184 - - [09/Aug/2015:21:45:23 -0700] "GET /_Media/40thcolor2_med_hr.jpeg HTTP/1.1" 200 75326 "http://wbsdfm.com/" "Mozilla/5.0 (Macintosh; Intel Mac OS X 10_10_4) AppleWebKit/600.7.12 (KHTML, like Gecko) Version/8.0.7 Safari/600.7.12" "wbsdfm.com"
68.229.49.184 - - [09/Aug/2015:21:45:23 -0700] "GET /_Media/wbsdlogo.jpeg HTTP/1.1" 200 15554 "http://wbsdfm.com/" "Mozilla/5.0 (Macintosh; Intel Mac OS X 10_10_4) AppleWebKit/600.7.12 (KHTML, like Gecko) Version/8.0.7 Safari/600.7.12" "wbsdfm.com"
68.229.49.184 - - [09/Aug/2015:21:45:23 -0700] "GET /_Media/blocks_image_1_1_med_hr.jpeg HTTP/1.1" 200 51782 "http://wbsdfm.com/" "Mozilla/5.0 (Macintosh; Intel Mac OS X 10_10_4) AppleWebKit/600.7.12 (KHTML, like Gecko) Version/8.0.7 Safari/600.7.12" "wbsdfm.com"
68.229.49.184 - - [09/Aug/2015:21:45:23 -0700] "GET /_Media/wbsdee-2_med_hr.jpeg HTTP/1.1" 200 55580 "http://wbsdfm.com/" "Mozilla/5.0 (Macintosh; Intel Mac OS X 10_10_4) AppleWebKit/600.7.12 (KHTML, like Gecko) Version/8.0.7 Safari/600.7.12" "wbsdfm.com"
68.229.49.184 - - [09/Aug/2015:21:45:23 -0700] "GET /sandvox_BlackandWhite/banner.png HTTP/1.1" 200 223114 "http://wbsdfm.com/" "Mozilla/5.0 (Macintosh; Intel Mac OS X 10_10_4) AppleWebKit/600.7.12 (KHTML, like Gecko) Version/8.0.7 Safari/600.7.12" "wbsdfm.com"
68.229.49.184 - - [09/Aug/2015:21:45:34 -0700] "GET /playlist/ HTTP/1.1" 200 2164 "http://wbsdfm.com/" "Mozilla/5.0 (Macintosh; Intel Mac OS X 10_10_4) AppleWebKit/600.7.12 (KHTML, like Gecko) Version/8.0.7 Safari/600.7.12" "wbsdfm.com"
68.229.49.184 - - [09/Aug/2015:21:45:36 -0700] "GET /playlist/august-10-2015-playlist.pdf HTTP/1.1" 200 128104 "http://wbsdfm.com/playlist/" "Mozilla/5.0 (Macintosh; Intel Mac OS X 10_10_4) AppleWebKit/600.7.12 (KHTML, like Gecko) Version/8.0.7 Safari/600.7.12" "wbsdfm.com"
66.249.75.7 - - [09/Aug/2015:21:48:27 -0700] "GET /_Media/img_2220_med.jpeg HTTP/1.1" 200 169507 "-" "Googlebot-Image/1.0" "www.wbsdfm.com"
66.249.75.111 - - [09/Aug/2015:21:50:17 -0700] "GET /_Media/img_1937_360.jpeg HTTP/1.1" 200 35554 "-" "Googlebot-Image/1.0" "www.wbsdfm.com"
31.184.238.128 - - [09/Aug/2015:21:50:23 -0700] "GET /logs/access.log HTTP/1.1" 200 25272 "http://gravatar.com/enchakdafogipe" "Mozilla/5.0 (Windows NT 6.1) AppleWebKit/537.36 (KHTML, like Gecko) Chrome/30.0.1599.13014 YaBrowser/13.12.1599.13014 Safari/537.36" "www.wbsdfm.com"
188.165.15.108 - - [09/Aug/2015:21:56:25 -0700] "GET /wbsdblog/first-post-2.html HTTP/1.1" 200 3206 "-" "Mozilla/5.0 (compatible; AhrefsBot/5.0; +http://ahrefs.com/robot/)" "www.wbsdfm.com"
66.249.75.111 - - [09/Aug/2015:21:58:48 -0700] "GET /_Media/img_2188_270.jpeg HTTP/1.1" 200 55333 "-" "Googlebot-Image/1.0" "www.wbsdfm.com"
66.249.75.111 - - [09/Aug/2015:21:58:49 -0700] "GET /_Media/img_2220_270.jpeg HTTP/1.1" 200 37515 "-" "Googlebot-Image/1.0" "www.wbsdfm.com"
66.249.75.7 - - [09/Aug/2015:21:58:52 -0700] "GET /_Media/img_2188_med.jpeg HTTP/1.1" 200 335670 "-" "Googlebot-Image/1.0" "www.wbsdfm.com"
66.249.75.111 - - [09/Aug/2015:21:59:38 -0700] "GET /_Media/img_2180_270.jpeg HTTP/1.1" 200 39349 "-" "Googlebot-Image/1.0" "www.wbsdfm.com"
66.249.75.7 - - [09/Aug/2015:21:59:39 -0700] "GET /_Media/img_2179_med.jpeg HTTP/1.1" 200 174963 "-" "Googlebot-Image/1.0" "www.wbsdfm.com"
66.249.75.7 - - [09/Aug/2015:21:59:40 -0700] "GET /_Media/img_2179_270.jpeg HTTP/1.1" 200 37683 "-" "Googlebot-Image/1.0" "www.wbsdfm.com"
66.249.75.111 - - [09/Aug/2015:21:59:41 -0700] "GET /_Media/img_1937_360.jpeg HTTP/1.1" 200 35554 "-" "Googlebot-Image/1.0" "www.wbsdfm.com"
66.249.75.111 - - [09/Aug/2015:21:59:42 -0700] "GET /_Media/img_2180_med.jpeg HTTP/1.1" 200 181704 "-" "Googlebot-Image/1.0" "www.wbsdfm.com"
66.249.75.7 - - [09/Aug/2015:21:59:43 -0700] "GET /_Media/img_2176_med.jpeg HTTP/1.1" 200 182863 "-" "Googlebot-Image/1.0" "www.wbsdfm.com"
66.249.75.119 - - [09/Aug/2015:21:59:46 -0700] "GET /_Media/img_2176_360.jpeg HTTP/1.1" 200 39289 "-" "Googlebot-Image/1.0" "www.wbsdfm.com"
31.184.238.128 - - [09/Aug/2015:22:06:10 -0700] "GET /logs/access.log HTTP/1.1" 200 27146 "http://gravatar.com/buyglucotrolonline" "Mozilla/5.0 (Windows NT 6.3; WOW64) AppleWebKit/537.36 (KHTML, like Gecko) Chrome/32.0.1700.76 Safari/537.36" "www.wbsdfm.com"
167.88.42.56 - - [09/Aug/2015:22:08:05 -0700] "GET /logs/access.log HTTP/1.1" 200 27405 "-" "Python-urllib/1.17" "www.wbsdfm.com"
23.19.153.82 - - [09/Aug/2015:22:09:24 -0700] "GET /logs/access.log HTTP/1.1" 200 3318 "http://www.wbsdfm.com/" "Mozilla/5.0 (Windows NT 6.1; Win64; x64) AppleWebKit/537.36 (KHTML, like Gecko) Chrome/39.0.2171.95 Safari/537.36" "www.wbsdfm.com"
166.181.80.163 - - [09/Aug/2015:22:17:32 -0700] "GET /student-staff.html HTTP/1.1" 200 2684 "http://wbsdfm.com/playlist/" "Mozilla/5.0 (Macintosh; Intel Mac OS X 10_6_8) AppleWebKit/537.36 (KHTML, like Gecko) Chrome/44.0.2403.130 Safari/537.36" "wbsdfm.com"
54.237.0.229 - - [09/Aug/2015:22:17:36 -0700] "GET / HTTP/1.1" 200 4027 "-" "Mozilla/5.0 (Windows NT 6.1) AppleWebKit/537.36 (KHTML, like Gecko) Chrome/37.0.2062.124 Safari/537.36" "www.wbsdfm.com"
166.181.80.163 - - [09/Aug/2015:22:17:51 -0700] "GET /photo-album/ HTTP/1.1" 200 6882 "http://wbsdfm.com/student-staff.html" "Mozilla/5.0 (Macintosh; Intel Mac OS X 10_6_8) AppleWebKit/537.36 (KHTML, like Gecko) Chrome/44.0.2403.130 Safari/537.36" "wbsdfm.com"
166.181.80.163 - - [09/Aug/2015:22:17:52 -0700] "GET /_Media/11377203_10205903435077911__hr.jpeg HTTP/1.1" 200 22611 "http://wbsdfm.com/photo-album/" "Mozilla/5.0 (Macintosh; Intel Mac OS X 10_6_8) AppleWebKit/537.36 (KHTML, like Gecko) Chrome/44.0.2403.130 Safari/537.36" "wbsdfm.com"
166.181.80.163 - - [09/Aug/2015:22:17:52 -0700] "GET /_Media/11202893_10205903434517897__hr.jpeg HTTP/1.1" 200 26428 "http://wbsdfm.com/photo-album/" "Mozilla/5.0 (Macintosh; Intel Mac OS X 10_6_8) AppleWebKit/537.36 (KHTML, like Gecko) Chrome/44.0.2403.130 Safari/537.36" "wbsdfm.com"
166.181.80.163 - - [09/Aug/2015:22:17:52 -0700] "GET /_Media/11018606_10205903436837955__hr.jpeg HTTP/1.1" 200 30427 "http://wbsdfm.com/photo-album/" "Mozilla/5.0 (Macintosh; Intel Mac OS X 10_6_8) AppleWebKit/537.36 (KHTML, like Gecko) Chrome/44.0.2403.130 Safari/537.36" "wbsdfm.com"
166.181.80.163 - - [09/Aug/2015:22:17:52 -0700] "GET /_Media/11295702_10153070246228462__hr.jpeg HTTP/1.1" 200 28921 "http://wbsdfm.com/photo-album/" "Mozilla/5.0 (Macintosh; Intel Mac OS X 10_6_8) AppleWebKit/537.36 (KHTML, like Gecko) Chrome/44.0.2403.130 Safari/537.36" "wbsdfm.com"
166.181.80.163 - - [09/Aug/2015:22:17:52 -0700] "GET /_Media/1779664_400464910098201_174_hr.jpeg HTTP/1.1" 200 29299 "http://wbsdfm.com/photo-album/" "Mozilla/5.0 (Macintosh; Intel Mac OS X 10_6_8) AppleWebKit/537.36 (KHTML, like Gecko) Chrome/44.0.2403.130 Safari/537.36" "wbsdfm.com"
166.181.80.163 - - [09/Aug/2015:22:17:52 -0700] "GET /_Media/11351279_10205903435757928__hr.jpeg HTTP/1.1" 200 24175 "http://wbsdfm.com/photo-album/" "Mozilla/5.0 (Macintosh; Intel Mac OS X 10_6_8) AppleWebKit/537.36 (KHTML, like Gecko) Chrome/44.0.2403.130 Safari/537.36" "wbsdfm.com"
166.181.80.163 - - [09/Aug/2015:22:17:52 -0700] "GET /_Media/img_2349_hr.jpeg HTTP/1.1" 200 27873 "http://wbsdfm.com/photo-album/" "Mozilla/5.0 (Macintosh; Intel Mac OS X 10_6_8) AppleWebKit/537.36 (KHTML, like Gecko) Chrome/44.0.2403.130 Safari/537.36" "wbsdfm.com"
166.181.80.163 - - [09/Aug/2015:22:17:52 -0700] "GET /_Media/img_2360_hr.jpeg HTTP/1.1" 200 30212 "http://wbsdfm.com/photo-album/" "Mozilla/5.0 (Macintosh; Intel Mac OS X 10_6_8) AppleWebKit/537.36 (KHTML, like Gecko) Chrome/44.0.2403.130 Safari/537.36" "wbsdfm.com"
166.181.80.163 - - [09/Aug/2015:22:17:52 -0700] "GET /_Media/1959561_400463480098344_202_hr.jpeg HTTP/1.1" 200 28689 "http://wbsdfm.com/photo-album/" "Mozilla/5.0 (Macintosh; Intel Mac OS X 10_6_8) AppleWebKit/537.36 (KHTML, like Gecko) Chrome/44.0.2403.130 Safari/537.36" "wbsdfm.com"
166.181.80.163 - - [09/Aug/2015:22:17:52 -0700] "GET /_Media/photo-5_hr.jpeg HTTP/1.1" 200 27249 "http://wbsdfm.com/photo-album/" "Mozilla/5.0 (Macintosh; Intel Mac OS X 10_6_8) AppleWebKit/537.36 (KHTML, like Gecko) Chrome/44.0.2403.130 Safari/537.36" "wbsdfm.com"
166.181.80.163 - - [09/Aug/2015:22:17:52 -0700] "GET /_Media/img_2345_hr.jpeg HTTP/1.1" 200 30031 "http://wbsdfm.com/photo-album/" "Mozilla/5.0 (Macintosh; Intel Mac OS X 10_6_8) AppleWebKit/537.36 (KHTML, like Gecko) Chrome/44.0.2403.130 Safari/537.36" "wbsdfm.com"
166.181.80.163 - - [09/Aug/2015:22:17:52 -0700] "GET /_Media/img_2332_hr.jpeg HTTP/1.1" 200 22035 "http://wbsdfm.com/photo-album/" "Mozilla/5.0 (Macintosh; Intel Mac OS X 10_6_8) AppleWebKit/537.36 (KHTML, like Gecko) Chrome/44.0.2403.130 Safari/537.36" "wbsdfm.com"
166.181.80.163 - - [09/Aug/2015:22:17:52 -0700] "GET /_Media/img_2347_hr.jpeg HTTP/1.1" 200 33783 "http://wbsdfm.com/photo-album/" "Mozilla/5.0 (Macintosh; Intel Mac OS X 10_6_8) AppleWebKit/537.36 (KHTML, like Gecko) Chrome/44.0.2403.130 Safari/537.36" "wbsdfm.com"
166.181.80.163 - - [09/Aug/2015:22:17:52 -0700] "GET /_Media/img_2346_hr.jpeg HTTP/1.1" 200 31009 "http://wbsdfm.com/photo-album/" "Mozilla/5.0 (Macintosh; Intel Mac OS X 10_6_8) AppleWebKit/537.36 (KHTML, like Gecko) Chrome/44.0.2403.130 Safari/537.36" "wbsdfm.com"
166.181.80.163 - - [09/Aug/2015:22:17:52 -0700] "GET /_Media/img_2348_hr.jpeg HTTP/1.1" 200 28053 "http://wbsdfm.com/photo-album/" "Mozilla/5.0 (Macintosh; Intel Mac OS X 10_6_8) AppleWebKit/537.36 (KHTML, like Gecko) Chrome/44.0.2403.130 Safari/537.36" "wbsdfm.com"
166.181.80.163 - - [09/Aug/2015:22:17:53 -0700] "GET /_Media/img_2331_hr.jpeg HTTP/1.1" 200 22479 "http://wbsdfm.com/photo-album/" "Mozilla/5.0 (Macintosh; Intel Mac OS X 10_6_8) AppleWebKit/537.36 (KHTML, like Gecko) Chrome/44.0.2403.130 Safari/537.36" "wbsdfm.com"
166.181.80.163 - - [09/Aug/2015:22:17:53 -0700] "GET /_Media/img_2330_hr.jpeg HTTP/1.1" 200 22414 "http://wbsdfm.com/photo-album/" "Mozilla/5.0 (Macintosh; Intel Mac OS X 10_6_8) AppleWebKit/537.36 (KHTML, like Gecko) Chrome/44.0.2403.130 Safari/537.36" "wbsdfm.com"
166.181.80.163 - - [09/Aug/2015:22:17:53 -0700] "GET /_Media/img_2328_hr.jpeg HTTP/1.1" 200 30757 "http://wbsdfm.com/photo-album/" "Mozilla/5.0 (Macintosh; Intel Mac OS X 10_6_8) AppleWebKit/537.36 (KHTML, like Gecko) Chrome/44.0.2403.130 Safari/537.36" "wbsdfm.com"
166.181.80.163 - - [09/Aug/2015:22:17:53 -0700] "GET /_Media/img_2323_hr.jpeg HTTP/1.1" 200 27842 "http://wbsdfm.com/photo-album/" "Mozilla/5.0 (Macintosh; Intel Mac OS X 10_6_8) AppleWebKit/537.36 (KHTML, like Gecko) Chrome/44.0.2403.130 Safari/537.36" "wbsdfm.com"
166.181.80.163 - - [09/Aug/2015:22:17:53 -0700] "GET /_Media/img_2322_hr.jpeg HTTP/1.1" 200 26272 "http://wbsdfm.com/photo-album/" "Mozilla/5.0 (Macintosh; Intel Mac OS X 10_6_8) AppleWebKit/537.36 (KHTML, like Gecko) Chrome/44.0.2403.130 Safari/537.36" "wbsdfm.com"
166.181.80.163 - - [09/Aug/2015:22:17:53 -0700] "GET /_Media/img_2321_hr.jpeg HTTP/1.1" 200 25094 "http://wbsdfm.com/photo-album/" "Mozilla/5.0 (Macintosh; Intel Mac OS X 10_6_8) AppleWebKit/537.36 (KHTML, like Gecko) Chrome/44.0.2403.130 Safari/537.36" "wbsdfm.com"
166.181.80.163 - - [09/Aug/2015:22:17:53 -0700] "GET /_Media/img_2296_hr.jpeg HTTP/1.1" 200 16982 "http://wbsdfm.com/photo-album/" "Mozilla/5.0 (Macintosh; Intel Mac OS X 10_6_8) AppleWebKit/537.36 (KHTML, like Gecko) Chrome/44.0.2403.130 Safari/537.36" "wbsdfm.com"
166.181.80.163 - - [09/Aug/2015:22:17:53 -0700] "GET /_Media/img_2295_hr.jpeg HTTP/1.1" 200 16536 "http://wbsdfm.com/photo-album/" "Mozilla/5.0 (Macintosh; Intel Mac OS X 10_6_8) AppleWebKit/537.36 (KHTML, like Gecko) Chrome/44.0.2403.130 Safari/537.36" "wbsdfm.com"
166.181.80.163 - - [09/Aug/2015:22:17:53 -0700] "GET /_Media/img_2294_hr.jpeg HTTP/1.1" 200 22438 "http://wbsdfm.com/photo-album/" "Mozilla/5.0 (Macintosh; Intel Mac OS X 10_6_8) AppleWebKit/537.36 (KHTML, like Gecko) Chrome/44.0.2403.130 Safari/537.36" "wbsdfm.com"
166.181.80.163 - - [09/Aug/2015:22:17:53 -0700] "GET /_Media/img_2293_hr.jpeg HTTP/1.1" 200 23053 "http://wbsdfm.com/photo-album/" "Mozilla/5.0 (Macintosh; Intel Mac OS X 10_6_8) AppleWebKit/537.36 (KHTML, like Gecko) Chrome/44.0.2403.130 Safari/537.36" "wbsdfm.com"
166.181.80.163 - - [09/Aug/2015:22:17:53 -0700] "GET /_Media/img_2292_hr.jpeg HTTP/1.1" 200 20234 "http://wbsdfm.com/photo-album/" "Mozilla/5.0 (Macintosh; Intel Mac OS X 10_6_8) AppleWebKit/537.36 (KHTML, like Gecko) Chrome/44.0.2403.130 Safari/537.36" "wbsdfm.com"
166.181.80.163 - - [09/Aug/2015:22:17:53 -0700] "GET /_Media/img_2291_hr.jpeg HTTP/1.1" 200 18422 "http://wbsdfm.com/photo-album/" "Mozilla/5.0 (Macintosh; Intel Mac OS X 10_6_8) AppleWebKit/537.36 (KHTML, like Gecko) Chrome/44.0.2403.130 Safari/537.36" "wbsdfm.com"
166.181.80.163 - - [09/Aug/2015:22:17:53 -0700] "GET /_Media/img_2290_hr.jpeg HTTP/1.1" 200 20866 "http://wbsdfm.com/photo-album/" "Mozilla/5.0 (Macintosh; Intel Mac OS X 10_6_8) AppleWebKit/537.36 (KHTML, like Gecko) Chrome/44.0.2403.130 Safari/537.36" "wbsdfm.com"
166.181.80.163 - - [09/Aug/2015:22:17:53 -0700] "GET /_Media/img_2286_hr.jpeg HTTP/1.1" 200 23654 "http://wbsdfm.com/photo-album/" "Mozilla/5.0 (Macintosh; Intel Mac OS X 10_6_8) AppleWebKit/537.36 (KHTML, like Gecko) Chrome/44.0.2403.130 Safari/537.36" "wbsdfm.com"
166.181.80.163 - - [09/Aug/2015:22:17:53 -0700] "GET /_Media/img_2284_hr.jpeg HTTP/1.1" 200 27504 "http://wbsdfm.com/photo-album/" "Mozilla/5.0 (Macintosh; Intel Mac OS X 10_6_8) AppleWebKit/537.36 (KHTML, like Gecko) Chrome/44.0.2403.130 Safari/537.36" "wbsdfm.com"
166.181.80.163 - - [09/Aug/2015:22:17:53 -0700] "GET /_Media/img_2283_hr.jpeg HTTP/1.1" 200 23096 "http://wbsdfm.com/photo-album/" "Mozilla/5.0 (Macintosh; Intel Mac OS X 10_6_8) AppleWebKit/537.36 (KHTML, like Gecko) Chrome/44.0.2403.130 Safari/537.36" "wbsdfm.com"
166.181.80.163 - - [09/Aug/2015:22:17:53 -0700] "GET /_Media/img_2280_hr.jpeg HTTP/1.1" 200 23597 "http://wbsdfm.com/photo-album/" "Mozilla/5.0 (Macintosh; Intel Mac OS X 10_6_8) AppleWebKit/537.36 (KHTML, like Gecko) Chrome/44.0.2403.130 Safari/537.36" "wbsdfm.com"
166.181.80.163 - - [09/Aug/2015:22:17:53 -0700] "GET /_Media/img_2279_hr.jpeg HTTP/1.1" 200 30720 "http://wbsdfm.com/photo-album/" "Mozilla/5.0 (Macintosh; Intel Mac OS X 10_6_8) AppleWebKit/537.36 (KHTML, like Gecko) Chrome/44.0.2403.130 Safari/537.36" "wbsdfm.com"
166.181.80.163 - - [09/Aug/2015:22:17:53 -0700] "GET /_Media/img_2278_hr.jpeg HTTP/1.1" 200 29436 "http://wbsdfm.com/photo-album/" "Mozilla/5.0 (Macintosh; Intel Mac OS X 10_6_8) AppleWebKit/537.36 (KHTML, like Gecko) Chrome/44.0.2403.130 Safari/537.36" "wbsdfm.com"
166.181.80.163 - - [09/Aug/2015:22:17:54 -0700] "GET /_Media/img_2277_hr.jpeg HTTP/1.1" 200 29165 "http://wbsdfm.com/photo-album/" "Mozilla/5.0 (Macintosh; Intel Mac OS X 10_6_8) AppleWebKit/537.36 (KHTML, like Gecko) Chrome/44.0.2403.130 Safari/537.36" "wbsdfm.com"
166.181.80.163 - - [09/Aug/2015:22:17:54 -0700] "GET /_Media/img_2255_hr.jpeg HTTP/1.1" 200 25000 "http://wbsdfm.com/photo-album/" "Mozilla/5.0 (Macintosh; Intel Mac OS X 10_6_8) AppleWebKit/537.36 (KHTML, like Gecko) Chrome/44.0.2403.130 Safari/537.36" "wbsdfm.com"
166.181.80.163 - - [09/Aug/2015:22:17:54 -0700] "GET /_Media/img_2228_hr.jpeg HTTP/1.1" 200 24662 "http://wbsdfm.com/photo-album/" "Mozilla/5.0 (Macintosh; Intel Mac OS X 10_6_8) AppleWebKit/537.36 (KHTML, like Gecko) Chrome/44.0.2403.130 Safari/537.36" "wbsdfm.com"
166.181.80.163 - - [09/Aug/2015:22:17:54 -0700] "GET /_Media/img_2254_hr.jpeg HTTP/1.1" 200 32707 "http://wbsdfm.com/photo-album/" "Mozilla/5.0 (Macintosh; Intel Mac OS X 10_6_8) AppleWebKit/537.36 (KHTML, like Gecko) Chrome/44.0.2403.130 Safari/537.36" "wbsdfm.com"
166.181.80.163 - - [09/Aug/2015:22:17:54 -0700] "GET /_Media/img_2253_hr.jpeg HTTP/1.1" 200 28784 "http://wbsdfm.com/photo-album/" "Mozilla/5.0 (Macintosh; Intel Mac OS X 10_6_8) AppleWebKit/537.36 (KHTML, like Gecko) Chrome/44.0.2403.130 Safari/537.36" "wbsdfm.com"
166.181.80.163 - - [09/Aug/2015:22:17:54 -0700] "GET /_Media/img_2227_hr.jpeg HTTP/1.1" 200 24627 "http://wbsdfm.com/photo-album/" "Mozilla/5.0 (Macintosh; Intel Mac OS X 10_6_8) AppleWebKit/537.36 (KHTML, like Gecko) Chrome/44.0.2403.130 Safari/537.36" "wbsdfm.com"
166.181.80.163 - - [09/Aug/2015:22:17:54 -0700] "GET /_Media/img_2226_hr.jpeg HTTP/1.1" 200 19446 "http://wbsdfm.com/photo-album/" "Mozilla/5.0 (Macintosh; Intel Mac OS X 10_6_8) AppleWebKit/537.36 (KHTML, like Gecko) Chrome/44.0.2403.130 Safari/537.36" "wbsdfm.com"
166.181.80.163 - - [09/Aug/2015:22:17:54 -0700] "GET /_Media/img_2225_hr.jpeg HTTP/1.1" 200 31334 "http://wbsdfm.com/photo-album/" "Mozilla/5.0 (Macintosh; Intel Mac OS X 10_6_8) AppleWebKit/537.36 (KHTML, like Gecko) Chrome/44.0.2403.130 Safari/537.36" "wbsdfm.com"
166.181.80.163 - - [09/Aug/2015:22:17:54 -0700] "GET /_Media/img_2224_hr.jpeg HTTP/1.1" 200 30250 "http://wbsdfm.com/photo-album/" "Mozilla/5.0 (Macintosh; Intel Mac OS X 10_6_8) AppleWebKit/537.36 (KHTML, like Gecko) Chrome/44.0.2403.130 Safari/537.36" "wbsdfm.com"
166.181.80.163 - - [09/Aug/2015:22:17:54 -0700] "GET /_Media/img_2223_hr.jpeg HTTP/1.1" 200 29676 "http://wbsdfm.com/photo-album/" "Mozilla/5.0 (Macintosh; Intel Mac OS X 10_6_8) AppleWebKit/537.36 (KHTML, like Gecko) Chrome/44.0.2403.130 Safari/537.36" "wbsdfm.com"
166.181.80.163 - - [09/Aug/2015:22:17:54 -0700] "GET /_Media/img_2222_hr.jpeg HTTP/1.1" 200 24180 "http://wbsdfm.com/photo-album/" "Mozilla/5.0 (Macintosh; Intel Mac OS X 10_6_8) AppleWebKit/537.36 (KHTML, like Gecko) Chrome/44.0.2403.130 Safari/537.36" "wbsdfm.com"
166.181.80.163 - - [09/Aug/2015:22:17:54 -0700] "GET /_Media/img_2221_hr.jpeg HTTP/1.1" 200 24258 "http://wbsdfm.com/photo-album/" "Mozilla/5.0 (Macintosh; Intel Mac OS X 10_6_8) AppleWebKit/537.36 (KHTML, like Gecko) Chrome/44.0.2403.130 Safari/537.36" "wbsdfm.com"
166.181.80.163 - - [09/Aug/2015:22:17:54 -0700] "GET /_Media/img_2220_hr.jpeg HTTP/1.1" 200 28031 "http://wbsdfm.com/photo-album/" "Mozilla/5.0 (Macintosh; Intel Mac OS X 10_6_8) AppleWebKit/537.36 (KHTML, like Gecko) Chrome/44.0.2403.130 Safari/537.36" "wbsdfm.com"
166.181.80.163 - - [09/Aug/2015:22:17:54 -0700] "GET /_Media/img_2219_hr.jpeg HTTP/1.1" 200 27500 "http://wbsdfm.com/photo-album/" "Mozilla/5.0 (Macintosh; Intel Mac OS X 10_6_8) AppleWebKit/537.36 (KHTML, like Gecko) Chrome/44.0.2403.130 Safari/537.36" "wbsdfm.com"
166.181.80.163 - - [09/Aug/2015:22:17:54 -0700] "GET /_Media/img_2218_hr.jpeg HTTP/1.1" 200 28608 "http://wbsdfm.com/photo-album/" "Mozilla/5.0 (Macintosh; Intel Mac OS X 10_6_8) AppleWebKit/537.36 (KHTML, like Gecko) Chrome/44.0.2403.130 Safari/537.36" "wbsdfm.com"
166.181.80.163 - - [09/Aug/2015:22:17:54 -0700] "GET /_Media/img_2217_hr.jpeg HTTP/1.1" 200 25613 "http://wbsdfm.com/photo-album/" "Mozilla/5.0 (Macintosh; Intel Mac OS X 10_6_8) AppleWebKit/537.36 (KHTML, like Gecko) Chrome/44.0.2403.130 Safari/537.36" "wbsdfm.com"
166.181.80.163 - - [09/Aug/2015:22:17:55 -0700] "GET /_Media/img_2216_hr.jpeg HTTP/1.1" 200 25229 "http://wbsdfm.com/photo-album/" "Mozilla/5.0 (Macintosh; Intel Mac OS X 10_6_8) AppleWebKit/537.36 (KHTML, like Gecko) Chrome/44.0.2403.130 Safari/537.36" "wbsdfm.com"
166.181.80.163 - - [09/Aug/2015:22:17:55 -0700] "GET /_Media/img_2215_hr.jpeg HTTP/1.1" 200 27326 "http://wbsdfm.com/photo-album/" "Mozilla/5.0 (Macintosh; Intel Mac OS X 10_6_8) AppleWebKit/537.36 (KHTML, like Gecko) Chrome/44.0.2403.130 Safari/537.36" "wbsdfm.com"
166.181.80.163 - - [09/Aug/2015:22:17:55 -0700] "GET /_Media/img_2214_hr.jpeg HTTP/1.1" 200 32810 "http://wbsdfm.com/photo-album/" "Mozilla/5.0 (Macintosh; Intel Mac OS X 10_6_8) AppleWebKit/537.36 (KHTML, like Gecko) Chrome/44.0.2403.130 Safari/537.36" "wbsdfm.com"
166.181.80.163 - - [09/Aug/2015:22:17:55 -0700] "GET /_Media/img_2213_hr.jpeg HTTP/1.1" 200 28042 "http://wbsdfm.com/photo-album/" "Mozilla/5.0 (Macintosh; Intel Mac OS X 10_6_8) AppleWebKit/537.36 (KHTML, like Gecko) Chrome/44.0.2403.130 Safari/537.36" "wbsdfm.com"
166.181.80.163 - - [09/Aug/2015:22:17:55 -0700] "GET /_Media/img_2200_hr.jpeg HTTP/1.1" 200 22040 "http://wbsdfm.com/photo-album/" "Mozilla/5.0 (Macintosh; Intel Mac OS X 10_6_8) AppleWebKit/537.36 (KHTML, like Gecko) Chrome/44.0.2403.130 Safari/537.36" "wbsdfm.com"
166.181.80.163 - - [09/Aug/2015:22:17:55 -0700] "GET /_Media/img_2199_hr.jpeg HTTP/1.1" 200 24095 "http://wbsdfm.com/photo-album/" "Mozilla/5.0 (Macintosh; Intel Mac OS X 10_6_8) AppleWebKit/537.36 (KHTML, like Gecko) Chrome/44.0.2403.130 Safari/537.36" "wbsdfm.com"
166.181.80.163 - - [09/Aug/2015:22:17:55 -0700] "GET /_Media/img_2198_hr.jpeg HTTP/1.1" 200 22449 "http://wbsdfm.com/photo-album/" "Mozilla/5.0 (Macintosh; Intel Mac OS X 10_6_8) AppleWebKit/537.36 (KHTML, like Gecko) Chrome/44.0.2403.130 Safari/537.36" "wbsdfm.com"
166.181.80.163 - - [09/Aug/2015:22:17:55 -0700] "GET /_Media/img_2197_hr.jpeg HTTP/1.1" 200 25037 "http://wbsdfm.com/photo-album/" "Mozilla/5.0 (Macintosh; Intel Mac OS X 10_6_8) AppleWebKit/537.36 (KHTML, like Gecko) Chrome/44.0.2403.130 Safari/537.36" "wbsdfm.com"
166.181.80.163 - - [09/Aug/2015:22:17:55 -0700] "GET /_Media/img_2196_hr.jpeg HTTP/1.1" 200 21092 "http://wbsdfm.com/photo-album/" "Mozilla/5.0 (Macintosh; Intel Mac OS X 10_6_8) AppleWebKit/537.36 (KHTML, like Gecko) Chrome/44.0.2403.130 Safari/537.36" "wbsdfm.com"
166.181.80.163 - - [09/Aug/2015:22:17:55 -0700] "GET /_Media/img_2195_hr.jpeg HTTP/1.1" 200 25611 "http://wbsdfm.com/photo-album/" "Mozilla/5.0 (Macintosh; Intel Mac OS X 10_6_8) AppleWebKit/537.36 (KHTML, like Gecko) Chrome/44.0.2403.130 Safari/537.36" "wbsdfm.com"
166.181.80.163 - - [09/Aug/2015:22:17:55 -0700] "GET /_Media/img_2194_hr.jpeg HTTP/1.1" 200 25620 "http://wbsdfm.com/photo-album/" "Mozilla/5.0 (Macintosh; Intel Mac OS X 10_6_8) AppleWebKit/537.36 (KHTML, like Gecko) Chrome/44.0.2403.130 Safari/537.36" "wbsdfm.com"
166.181.80.163 - - [09/Aug/2015:22:17:55 -0700] "GET /_Media/img_2193_hr.jpeg HTTP/1.1" 200 24524 "http://wbsdfm.com/photo-album/" "Mozilla/5.0 (Macintosh; Intel Mac OS X 10_6_8) AppleWebKit/537.36 (KHTML, like Gecko) Chrome/44.0.2403.130 Safari/537.36" "wbsdfm.com"
166.181.80.163 - - [09/Aug/2015:22:17:55 -0700] "GET /_Media/img_2192_hr.jpeg HTTP/1.1" 200 24362 "http://wbsdfm.com/photo-album/" "Mozilla/5.0 (Macintosh; Intel Mac OS X 10_6_8) AppleWebKit/537.36 (KHTML, like Gecko) Chrome/44.0.2403.130 Safari/537.36" "wbsdfm.com"
166.181.80.163 - - [09/Aug/2015:22:17:55 -0700] "GET /_Media/img_2191_hr.jpeg HTTP/1.1" 200 22449 "http://wbsdfm.com/photo-album/" "Mozilla/5.0 (Macintosh; Intel Mac OS X 10_6_8) AppleWebKit/537.36 (KHTML, like Gecko) Chrome/44.0.2403.130 Safari/537.36" "wbsdfm.com"
166.181.80.163 - - [09/Aug/2015:22:17:55 -0700] "GET /_Media/img_2189_hr.jpeg HTTP/1.1" 200 37687 "http://wbsdfm.com/photo-album/" "Mozilla/5.0 (Macintosh; Intel Mac OS X 10_6_8) AppleWebKit/537.36 (KHTML, like Gecko) Chrome/44.0.2403.130 Safari/537.36" "wbsdfm.com"
166.181.80.163 - - [09/Aug/2015:22:17:55 -0700] "GET /_Media/img_2188_hr.jpeg HTTP/1.1" 200 37091 "http://wbsdfm.com/photo-album/" "Mozilla/5.0 (Macintosh; Intel Mac OS X 10_6_8) AppleWebKit/537.36 (KHTML, like Gecko) Chrome/44.0.2403.130 Safari/537.36" "wbsdfm.com"
166.181.80.163 - - [09/Aug/2015:22:17:55 -0700] "GET /_Media/img_2190_hr.jpeg HTTP/1.1" 200 42157 "http://wbsdfm.com/photo-album/" "Mozilla/5.0 (Macintosh; Intel Mac OS X 10_6_8) AppleWebKit/537.36 (KHTML, like Gecko) Chrome/44.0.2403.130 Safari/537.36" "wbsdfm.com"
166.181.80.163 - - [09/Aug/2015:22:17:55 -0700] "GET /_Media/img_2186_hr.jpeg HTTP/1.1" 200 39081 "http://wbsdfm.com/photo-album/" "Mozilla/5.0 (Macintosh; Intel Mac OS X 10_6_8) AppleWebKit/537.36 (KHTML, like Gecko) Chrome/44.0.2403.130 Safari/537.36" "wbsdfm.com"
166.181.80.163 - - [09/Aug/2015:22:17:55 -0700] "GET /_Media/img_2180_hr.jpeg HTTP/1.1" 200 29677 "http://wbsdfm.com/photo-album/" "Mozilla/5.0 (Macintosh; Intel Mac OS X 10_6_8) AppleWebKit/537.36 (KHTML, like Gecko) Chrome/44.0.2403.130 Safari/537.36" "wbsdfm.com"
166.181.80.163 - - [09/Aug/2015:22:17:56 -0700] "GET /_Media/img_2179_hr.jpeg HTTP/1.1" 200 26898 "http://wbsdfm.com/photo-album/" "Mozilla/5.0 (Macintosh; Intel Mac OS X 10_6_8) AppleWebKit/537.36 (KHTML, like Gecko) Chrome/44.0.2403.130 Safari/537.36" "wbsdfm.com"
166.181.80.163 - - [09/Aug/2015:22:17:56 -0700] "GET /_Media/img_2176_hr.jpeg HTTP/1.1" 200 29425 "http://wbsdfm.com/photo-album/" "Mozilla/5.0 (Macintosh; Intel Mac OS X 10_6_8) AppleWebKit/537.36 (KHTML, like Gecko) Chrome/44.0.2403.130 Safari/537.36" "wbsdfm.com"
166.181.80.163 - - [09/Aug/2015:22:17:56 -0700] "GET /_Media/img_1961_hr.jpeg HTTP/1.1" 200 20635 "http://wbsdfm.com/photo-album/" "Mozilla/5.0 (Macintosh; Intel Mac OS X 10_6_8) AppleWebKit/537.36 (KHTML, like Gecko) Chrome/44.0.2403.130 Safari/537.36" "wbsdfm.com"
166.181.80.163 - - [09/Aug/2015:22:17:56 -0700] "GET /_Media/img_1959_hr.jpeg HTTP/1.1" 200 27980 "http://wbsdfm.com/photo-album/" "Mozilla/5.0 (Macintosh; Intel Mac OS X 10_6_8) AppleWebKit/537.36 (KHTML, like Gecko) Chrome/44.0.2403.130 Safari/537.36" "wbsdfm.com"
166.181.80.163 - - [09/Aug/2015:22:17:56 -0700] "GET /_Media/img_1960_hr.jpeg HTTP/1.1" 200 22991 "http://wbsdfm.com/photo-album/" "Mozilla/5.0 (Macintosh; Intel Mac OS X 10_6_8) AppleWebKit/537.36 (KHTML, like Gecko) Chrome/44.0.2403.130 Safari/537.36" "wbsdfm.com"
166.181.80.163 - - [09/Aug/2015:22:17:56 -0700] "GET /_Media/img_1942_hr.jpeg HTTP/1.1" 200 33113 "http://wbsdfm.com/photo-album/" "Mozilla/5.0 (Macintosh; Intel Mac OS X 10_6_8) AppleWebKit/537.36 (KHTML, like Gecko) Chrome/44.0.2403.130 Safari/537.36" "wbsdfm.com"
166.181.80.163 - - [09/Aug/2015:22:17:57 -0700] "GET /_Media/img_1941_hr.jpeg HTTP/1.1" 200 32733 "http://wbsdfm.com/photo-album/" "Mozilla/5.0 (Macintosh; Intel Mac OS X 10_6_8) AppleWebKit/537.36 (KHTML, like Gecko) Chrome/44.0.2403.130 Safari/537.36" "wbsdfm.com"
166.181.80.163 - - [09/Aug/2015:22:17:57 -0700] "GET /_Media/img_1939_hr.jpeg HTTP/1.1" 200 27425 "http://wbsdfm.com/photo-album/" "Mozilla/5.0 (Macintosh; Intel Mac OS X 10_6_8) AppleWebKit/537.36 (KHTML, like Gecko) Chrome/44.0.2403.130 Safari/537.36" "wbsdfm.com"
166.181.80.163 - - [09/Aug/2015:22:17:57 -0700] "GET /_Media/img_1929_hr.jpeg HTTP/1.1" 200 29952 "http://wbsdfm.com/photo-album/" "Mozilla/5.0 (Macintosh; Intel Mac OS X 10_6_8) AppleWebKit/537.36 (KHTML, like Gecko) Chrome/44.0.2403.130 Safari/537.36" "wbsdfm.com"
166.181.80.163 - - [09/Aug/2015:22:17:57 -0700] "GET /_Media/img_1925_hr.jpeg HTTP/1.1" 200 29893 "http://wbsdfm.com/photo-album/" "Mozilla/5.0 (Macintosh; Intel Mac OS X 10_6_8) AppleWebKit/537.36 (KHTML, like Gecko) Chrome/44.0.2403.130 Safari/537.36" "wbsdfm.com"
166.181.80.163 - - [09/Aug/2015:22:17:58 -0700] "GET /_Media/img_1915_hr.jpeg HTTP/1.1" 200 28752 "http://wbsdfm.com/photo-album/" "Mozilla/5.0 (Macintosh; Intel Mac OS X 10_6_8) AppleWebKit/537.36 (KHTML, like Gecko) Chrome/44.0.2403.130 Safari/537.36" "wbsdfm.com"
